Archive member included because of file (symbol)

c:/program files (x86)/atmel/atmel toolchain/avr8 gcc/native/3.4.1061/avr8-gnu-toolchain/bin/../lib/gcc/avr/4.8.1/avr5\libgcc.a(_exit.o)
                              c:/program files (x86)/atmel/atmel toolchain/avr8 gcc/native/3.4.1061/avr8-gnu-toolchain/bin/../lib/gcc/avr/4.8.1/../../../../avr/lib/avr5/crtm324a.o (exit)
c:/program files (x86)/atmel/atmel toolchain/avr8 gcc/native/3.4.1061/avr8-gnu-toolchain/bin/../lib/gcc/avr/4.8.1/avr5\libgcc.a(_copy_data.o)
                              synthesiser_firmware.o (__do_copy_data)
c:/program files (x86)/atmel/atmel toolchain/avr8 gcc/native/3.4.1061/avr8-gnu-toolchain/bin/../lib/gcc/avr/4.8.1/avr5\libgcc.a(_clear_bss.o)
                              synthesiser_firmware.o (__do_clear_bss)

Allocating common symbols
Common symbol       size              file

light_delay         0x2               synthesiser_firmware.o
p_val               0x2               synthesiser_firmware.o
keyboardQueue       0x6               synthesiser_firmware.o
buttonQueue         0x6               synthesiser_firmware.o
switch_reading      0x2               synthesiser_firmware.o
ButtonSound         0x18              synthesiser_firmware.o
last_switch_reading
                    0x2               synthesiser_firmware.o
KeySound            0xfc              synthesiser_firmware.o
wave_table          0x2               synthesiser_firmware.o
value               0x2               synthesiser_firmware.o

Discarded input sections

 .data          0x00000000        0x0 c:/program files (x86)/atmel/atmel toolchain/avr8 gcc/native/3.4.1061/avr8-gnu-toolchain/bin/../lib/gcc/avr/4.8.1/../../../../avr/lib/avr5/crtm324a.o
 .bss           0x00000000        0x0 c:/program files (x86)/atmel/atmel toolchain/avr8 gcc/native/3.4.1061/avr8-gnu-toolchain/bin/../lib/gcc/avr/4.8.1/../../../../avr/lib/avr5/crtm324a.o
 .text          0x00000000        0x0 synthesiser_firmware.o
 .data          0x00000000        0x0 synthesiser_firmware.o
 .bss           0x00000000        0x0 synthesiser_firmware.o
 .bss.timerNum  0x00000000        0x2 synthesiser_firmware.o
 .text          0x00000000        0x0 i2cmaster.o
 .data          0x00000000        0x0 i2cmaster.o
 .bss           0x00000000        0x0 i2cmaster.o
 .text.i2c_start_wait
                0x00000000       0x50 i2cmaster.o
 .text.i2c_rep_start
                0x00000000        0x6 i2cmaster.o
 .text.i2c_readAck
                0x00000000       0x16 i2cmaster.o
 .text.i2c_readNak
                0x00000000       0x16 i2cmaster.o
 .text          0x00000000        0x0 c:/program files (x86)/atmel/atmel toolchain/avr8 gcc/native/3.4.1061/avr8-gnu-toolchain/bin/../lib/gcc/avr/4.8.1/avr5\libgcc.a(_exit.o)
 .data          0x00000000        0x0 c:/program files (x86)/atmel/atmel toolchain/avr8 gcc/native/3.4.1061/avr8-gnu-toolchain/bin/../lib/gcc/avr/4.8.1/avr5\libgcc.a(_exit.o)
 .bss           0x00000000        0x0 c:/program files (x86)/atmel/atmel toolchain/avr8 gcc/native/3.4.1061/avr8-gnu-toolchain/bin/../lib/gcc/avr/4.8.1/avr5\libgcc.a(_exit.o)
 .text.libgcc.mul
                0x00000000        0x0 c:/program files (x86)/atmel/atmel toolchain/avr8 gcc/native/3.4.1061/avr8-gnu-toolchain/bin/../lib/gcc/avr/4.8.1/avr5\libgcc.a(_exit.o)
 .text.libgcc.div
                0x00000000        0x0 c:/program files (x86)/atmel/atmel toolchain/avr8 gcc/native/3.4.1061/avr8-gnu-toolchain/bin/../lib/gcc/avr/4.8.1/avr5\libgcc.a(_exit.o)
 .text.libgcc   0x00000000        0x0 c:/program files (x86)/atmel/atmel toolchain/avr8 gcc/native/3.4.1061/avr8-gnu-toolchain/bin/../lib/gcc/avr/4.8.1/avr5\libgcc.a(_exit.o)
 .text.libgcc.prologue
                0x00000000        0x0 c:/program files (x86)/atmel/atmel toolchain/avr8 gcc/native/3.4.1061/avr8-gnu-toolchain/bin/../lib/gcc/avr/4.8.1/avr5\libgcc.a(_exit.o)
 .text.libgcc.builtins
                0x00000000        0x0 c:/program files (x86)/atmel/atmel toolchain/avr8 gcc/native/3.4.1061/avr8-gnu-toolchain/bin/../lib/gcc/avr/4.8.1/avr5\libgcc.a(_exit.o)
 .text.libgcc.fmul
                0x00000000        0x0 c:/program files (x86)/atmel/atmel toolchain/avr8 gcc/native/3.4.1061/avr8-gnu-toolchain/bin/../lib/gcc/avr/4.8.1/avr5\libgcc.a(_exit.o)
 .text.libgcc.fixed
                0x00000000        0x0 c:/program files (x86)/atmel/atmel toolchain/avr8 gcc/native/3.4.1061/avr8-gnu-toolchain/bin/../lib/gcc/avr/4.8.1/avr5\libgcc.a(_exit.o)
 .text          0x00000000        0x0 c:/program files (x86)/atmel/atmel toolchain/avr8 gcc/native/3.4.1061/avr8-gnu-toolchain/bin/../lib/gcc/avr/4.8.1/avr5\libgcc.a(_copy_data.o)
 .data          0x00000000        0x0 c:/program files (x86)/atmel/atmel toolchain/avr8 gcc/native/3.4.1061/avr8-gnu-toolchain/bin/../lib/gcc/avr/4.8.1/avr5\libgcc.a(_copy_data.o)
 .bss           0x00000000        0x0 c:/program files (x86)/atmel/atmel toolchain/avr8 gcc/native/3.4.1061/avr8-gnu-toolchain/bin/../lib/gcc/avr/4.8.1/avr5\libgcc.a(_copy_data.o)
 .text.libgcc.mul
                0x00000000        0x0 c:/program files (x86)/atmel/atmel toolchain/avr8 gcc/native/3.4.1061/avr8-gnu-toolchain/bin/../lib/gcc/avr/4.8.1/avr5\libgcc.a(_copy_data.o)
 .text.libgcc.div
                0x00000000        0x0 c:/program files (x86)/atmel/atmel toolchain/avr8 gcc/native/3.4.1061/avr8-gnu-toolchain/bin/../lib/gcc/avr/4.8.1/avr5\libgcc.a(_copy_data.o)
 .text.libgcc   0x00000000        0x0 c:/program files (x86)/atmel/atmel toolchain/avr8 gcc/native/3.4.1061/avr8-gnu-toolchain/bin/../lib/gcc/avr/4.8.1/avr5\libgcc.a(_copy_data.o)
 .text.libgcc.prologue
                0x00000000        0x0 c:/program files (x86)/atmel/atmel toolchain/avr8 gcc/native/3.4.1061/avr8-gnu-toolchain/bin/../lib/gcc/avr/4.8.1/avr5\libgcc.a(_copy_data.o)
 .text.libgcc.builtins
                0x00000000        0x0 c:/program files (x86)/atmel/atmel toolchain/avr8 gcc/native/3.4.1061/avr8-gnu-toolchain/bin/../lib/gcc/avr/4.8.1/avr5\libgcc.a(_copy_data.o)
 .text.libgcc.fmul
                0x00000000        0x0 c:/program files (x86)/atmel/atmel toolchain/avr8 gcc/native/3.4.1061/avr8-gnu-toolchain/bin/../lib/gcc/avr/4.8.1/avr5\libgcc.a(_copy_data.o)
 .text.libgcc.fixed
                0x00000000        0x0 c:/program files (x86)/atmel/atmel toolchain/avr8 gcc/native/3.4.1061/avr8-gnu-toolchain/bin/../lib/gcc/avr/4.8.1/avr5\libgcc.a(_copy_data.o)
 .text          0x00000000        0x0 c:/program files (x86)/atmel/atmel toolchain/avr8 gcc/native/3.4.1061/avr8-gnu-toolchain/bin/../lib/gcc/avr/4.8.1/avr5\libgcc.a(_clear_bss.o)
 .data          0x00000000        0x0 c:/program files (x86)/atmel/atmel toolchain/avr8 gcc/native/3.4.1061/avr8-gnu-toolchain/bin/../lib/gcc/avr/4.8.1/avr5\libgcc.a(_clear_bss.o)
 .bss           0x00000000        0x0 c:/program files (x86)/atmel/atmel toolchain/avr8 gcc/native/3.4.1061/avr8-gnu-toolchain/bin/../lib/gcc/avr/4.8.1/avr5\libgcc.a(_clear_bss.o)
 .text.libgcc.mul
                0x00000000        0x0 c:/program files (x86)/atmel/atmel toolchain/avr8 gcc/native/3.4.1061/avr8-gnu-toolchain/bin/../lib/gcc/avr/4.8.1/avr5\libgcc.a(_clear_bss.o)
 .text.libgcc.div
                0x00000000        0x0 c:/program files (x86)/atmel/atmel toolchain/avr8 gcc/native/3.4.1061/avr8-gnu-toolchain/bin/../lib/gcc/avr/4.8.1/avr5\libgcc.a(_clear_bss.o)
 .text.libgcc   0x00000000        0x0 c:/program files (x86)/atmel/atmel toolchain/avr8 gcc/native/3.4.1061/avr8-gnu-toolchain/bin/../lib/gcc/avr/4.8.1/avr5\libgcc.a(_clear_bss.o)
 .text.libgcc.prologue
                0x00000000        0x0 c:/program files (x86)/atmel/atmel toolchain/avr8 gcc/native/3.4.1061/avr8-gnu-toolchain/bin/../lib/gcc/avr/4.8.1/avr5\libgcc.a(_clear_bss.o)
 .text.libgcc.builtins
                0x00000000        0x0 c:/program files (x86)/atmel/atmel toolchain/avr8 gcc/native/3.4.1061/avr8-gnu-toolchain/bin/../lib/gcc/avr/4.8.1/avr5\libgcc.a(_clear_bss.o)
 .text.libgcc.fmul
                0x00000000        0x0 c:/program files (x86)/atmel/atmel toolchain/avr8 gcc/native/3.4.1061/avr8-gnu-toolchain/bin/../lib/gcc/avr/4.8.1/avr5\libgcc.a(_clear_bss.o)
 .text.libgcc.fixed
                0x00000000        0x0 c:/program files (x86)/atmel/atmel toolchain/avr8 gcc/native/3.4.1061/avr8-gnu-toolchain/bin/../lib/gcc/avr/4.8.1/avr5\libgcc.a(_clear_bss.o)

Memory Configuration

Name             Origin             Length             Attributes
text             0x00000000         0x00020000         xr
data             0x00800060         0x0000ffa0         rw !x
eeprom           0x00810000         0x00010000         rw !x
fuse             0x00820000         0x00000400         rw !x
lock             0x00830000         0x00000400         rw !x
signature        0x00840000         0x00000400         rw !x
user_signatures  0x00850000         0x00000400         rw !x
*default*        0x00000000         0xffffffff

Linker script and memory map

Address of section .data set to 0x800100
LOAD c:/program files (x86)/atmel/atmel toolchain/avr8 gcc/native/3.4.1061/avr8-gnu-toolchain/bin/../lib/gcc/avr/4.8.1/../../../../avr/lib/avr5/crtm324a.o
LOAD synthesiser_firmware.o
LOAD i2cmaster.o
START GROUP
LOAD c:/program files (x86)/atmel/atmel toolchain/avr8 gcc/native/3.4.1061/avr8-gnu-toolchain/bin/../lib/gcc/avr/4.8.1/../../../../avr/lib/avr5\libm.a
END GROUP
START GROUP
LOAD c:/program files (x86)/atmel/atmel toolchain/avr8 gcc/native/3.4.1061/avr8-gnu-toolchain/bin/../lib/gcc/avr/4.8.1/avr5\libgcc.a
LOAD c:/program files (x86)/atmel/atmel toolchain/avr8 gcc/native/3.4.1061/avr8-gnu-toolchain/bin/../lib/gcc/avr/4.8.1/../../../../avr/lib/avr5\libm.a
LOAD c:/program files (x86)/atmel/atmel toolchain/avr8 gcc/native/3.4.1061/avr8-gnu-toolchain/bin/../lib/gcc/avr/4.8.1/../../../../avr/lib/avr5\libc.a
END GROUP

.hash
 *(.hash)

.dynsym
 *(.dynsym)

.dynstr
 *(.dynstr)

.gnu.version
 *(.gnu.version)

.gnu.version_d
 *(.gnu.version_d)

.gnu.version_r
 *(.gnu.version_r)

.rel.init
 *(.rel.init)

.rela.init
 *(.rela.init)

.rel.text
 *(.rel.text)
 *(.rel.text.*)
 *(.rel.gnu.linkonce.t*)

.rela.text
 *(.rela.text)
 *(.rela.text.*)
 *(.rela.gnu.linkonce.t*)

.rel.fini
 *(.rel.fini)

.rela.fini
 *(.rela.fini)

.rel.rodata
 *(.rel.rodata)
 *(.rel.rodata.*)
 *(.rel.gnu.linkonce.r*)

.rela.rodata
 *(.rela.rodata)
 *(.rela.rodata.*)
 *(.rela.gnu.linkonce.r*)

.rel.data
 *(.rel.data)
 *(.rel.data.*)
 *(.rel.gnu.linkonce.d*)

.rela.data
 *(.rela.data)
 *(.rela.data.*)
 *(.rela.gnu.linkonce.d*)

.rel.ctors
 *(.rel.ctors)

.rela.ctors
 *(.rela.ctors)

.rel.dtors
 *(.rel.dtors)

.rela.dtors
 *(.rela.dtors)

.rel.got
 *(.rel.got)

.rela.got
 *(.rela.got)

.rel.bss
 *(.rel.bss)

.rela.bss
 *(.rela.bss)

.rel.plt
 *(.rel.plt)

.rela.plt
 *(.rela.plt)

.text           0x00000000      0xc24
 *(.vectors)
 .vectors       0x00000000       0x7c c:/program files (x86)/atmel/atmel toolchain/avr8 gcc/native/3.4.1061/avr8-gnu-toolchain/bin/../lib/gcc/avr/4.8.1/../../../../avr/lib/avr5/crtm324a.o
                0x00000000                __vector_default
                0x00000000                __vectors
 *(.vectors)
 *(.progmem.gcc*)
                0x0000007c                . = ALIGN (0x2)
                0x0000007c                __trampolines_start = .
 *(.trampolines)
 .trampolines   0x0000007c        0x0 linker stubs
 *(.trampolines*)
                0x0000007c                __trampolines_end = .
 *(.progmem*)
                0x0000007c                . = ALIGN (0x2)
 *(.jumptables)
 *(.jumptables*)
 *(.lowtext)
 *(.lowtext*)
                0x0000007c                __ctors_start = .
 *(.ctors)
                0x0000007c                __ctors_end = .
                0x0000007c                __dtors_start = .
 *(.dtors)
                0x0000007c                __dtors_end = .
 SORT(*)(.ctors)
 SORT(*)(.dtors)
 *(.init0)
 .init0         0x0000007c        0x0 c:/program files (x86)/atmel/atmel toolchain/avr8 gcc/native/3.4.1061/avr8-gnu-toolchain/bin/../lib/gcc/avr/4.8.1/../../../../avr/lib/avr5/crtm324a.o
                0x0000007c                __init
 *(.init0)
 *(.init1)
 *(.init1)
 *(.init2)
 .init2         0x0000007c        0xc c:/program files (x86)/atmel/atmel toolchain/avr8 gcc/native/3.4.1061/avr8-gnu-toolchain/bin/../lib/gcc/avr/4.8.1/../../../../avr/lib/avr5/crtm324a.o
 *(.init2)
 *(.init3)
 *(.init3)
 *(.init4)
 .init4         0x00000088       0x16 c:/program files (x86)/atmel/atmel toolchain/avr8 gcc/native/3.4.1061/avr8-gnu-toolchain/bin/../lib/gcc/avr/4.8.1/avr5\libgcc.a(_copy_data.o)
                0x00000088                __do_copy_data
 .init4         0x0000009e       0x10 c:/program files (x86)/atmel/atmel toolchain/avr8 gcc/native/3.4.1061/avr8-gnu-toolchain/bin/../lib/gcc/avr/4.8.1/avr5\libgcc.a(_clear_bss.o)
                0x0000009e                __do_clear_bss
 *(.init4)
 *(.init5)
 *(.init5)
 *(.init6)
 *(.init6)
 *(.init7)
 *(.init7)
 *(.init8)
 *(.init8)
 *(.init9)
 .init9         0x000000ae        0x8 c:/program files (x86)/atmel/atmel toolchain/avr8 gcc/native/3.4.1061/avr8-gnu-toolchain/bin/../lib/gcc/avr/4.8.1/../../../../avr/lib/avr5/crtm324a.o
 *(.init9)
 *(.text)
 .text          0x000000b6        0x4 c:/program files (x86)/atmel/atmel toolchain/avr8 gcc/native/3.4.1061/avr8-gnu-toolchain/bin/../lib/gcc/avr/4.8.1/../../../../avr/lib/avr5/crtm324a.o
                0x000000b6                __vector_22
                0x000000b6                __vector_28
                0x000000b6                __vector_1
                0x000000b6                __vector_24
                0x000000b6                __vector_12
                0x000000b6                __bad_interrupt
                0x000000b6                __vector_6
                0x000000b6                __vector_3
                0x000000b6                __vector_23
                0x000000b6                __vector_30
                0x000000b6                __vector_25
                0x000000b6                __vector_11
                0x000000b6                __vector_17
                0x000000b6                __vector_19
                0x000000b6                __vector_7
                0x000000b6                __vector_27
                0x000000b6                __vector_5
                0x000000b6                __vector_4
                0x000000b6                __vector_2
                0x000000b6                __vector_21
                0x000000b6                __vector_15
                0x000000b6                __vector_29
                0x000000b6                __vector_26
                0x000000b6                __vector_14
                0x000000b6                __vector_10
                0x000000b6                __vector_18
                0x000000ba                . = ALIGN (0x2)
 *(.text.*)
 .text.initialise_timer
                0x000000ba       0x2a synthesiser_firmware.o
                0x000000ba                initialise_timer
 .text.initialise_USART
                0x000000e4       0x12 synthesiser_firmware.o
                0x000000e4                initialise_USART
 .text.initialise_adc_channel
                0x000000f6        0xe synthesiser_firmware.o
                0x000000f6                initialise_adc_channel
 .text.initialise_wdt
                0x00000104       0x10 synthesiser_firmware.o
                0x00000104                initialise_wdt
 .text.initialise_hardware
                0x00000114       0x16 synthesiser_firmware.o
                0x00000114                initialise_hardware
 .text.initialise_DDR
                0x0000012a        0xe synthesiser_firmware.o
                0x0000012a                initialise_DDR
 .text.initialise_button_freq
                0x00000138       0x62 synthesiser_firmware.o
                0x00000138                initialise_button_freq
 .text.stop_keyboard
                0x0000019a       0x94 synthesiser_firmware.o
                0x0000019a                stop_keyboard
 .text.update_button_freq
                0x0000022e       0x34 synthesiser_firmware.o
                0x0000022e                update_button_freq
 .text.get_pot_value
                0x00000262       0x1c synthesiser_firmware.o
                0x00000262                get_pot_value
 .text.__vector_16
                0x0000027e       0x6a synthesiser_firmware.o
                0x0000027e                __vector_16
 .text.__vector_13
                0x000002e8       0x6a synthesiser_firmware.o
                0x000002e8                __vector_13
 .text.__vector_9
                0x00000352       0x6a synthesiser_firmware.o
                0x00000352                __vector_9
 .text.update_timer0_pre
                0x000003bc       0x24 synthesiser_firmware.o
                0x000003bc                update_timer0_pre
 .text.update_time1_pre
                0x000003e0       0x2a synthesiser_firmware.o
                0x000003e0                update_time1_pre
 .text.update_time2_pre
                0x0000040a       0x2a synthesiser_firmware.o
                0x0000040a                update_time2_pre
 .text.play_keyboard
                0x00000434      0x106 synthesiser_firmware.o
                0x00000434                play_keyboard
 .text.__vector_20
                0x0000053a       0xf2 synthesiser_firmware.o
                0x0000053a                __vector_20
 .text.__vector_8
                0x0000062c       0x98 synthesiser_firmware.o
                0x0000062c                __vector_8
 .text.run_sleep
                0x000006c4       0x1c synthesiser_firmware.o
                0x000006c4                run_sleep
 .text.update_wave_type
                0x000006e0       0x5e synthesiser_firmware.o
                0x000006e0                update_wave_type
 .text.run_i2c  0x0000073e       0x28 synthesiser_firmware.o
                0x0000073e                run_i2c
 .text.start_wave
                0x00000766       0xf0 synthesiser_firmware.o
                0x00000766                start_wave
 .text.stop_wave
                0x00000856       0x74 synthesiser_firmware.o
                0x00000856                stop_wave
 .text.generate_notes
                0x000008ca      0x1d4 synthesiser_firmware.o
                0x000008ca                generate_notes
 .text.main_loop
                0x00000a9e       0x6a synthesiser_firmware.o
                0x00000a9e                main_loop
 .text.main     0x00000b08       0x88 synthesiser_firmware.o
                0x00000b08                main
 .text.initialise_i2c
                0x00000b90        0xc i2cmaster.o
                0x00000b90                initialise_i2c
 .text.i2c_start
                0x00000b9c       0x4e i2cmaster.o
                0x00000b9c                i2c_start
 .text.i2c_stop
                0x00000bea       0x12 i2cmaster.o
                0x00000bea                i2c_stop
 .text.i2c_write
                0x00000bfc       0x24 i2cmaster.o
                0x00000bfc                i2c_write
                0x00000c20                . = ALIGN (0x2)
 *(.fini9)
 .fini9         0x00000c20        0x0 c:/program files (x86)/atmel/atmel toolchain/avr8 gcc/native/3.4.1061/avr8-gnu-toolchain/bin/../lib/gcc/avr/4.8.1/avr5\libgcc.a(_exit.o)
                0x00000c20                _exit
                0x00000c20                exit
 *(.fini9)
 *(.fini8)
 *(.fini8)
 *(.fini7)
 *(.fini7)
 *(.fini6)
 *(.fini6)
 *(.fini5)
 *(.fini5)
 *(.fini4)
 *(.fini4)
 *(.fini3)
 *(.fini3)
 *(.fini2)
 *(.fini2)
 *(.fini1)
 *(.fini1)
 *(.fini0)
 .fini0         0x00000c20        0x4 c:/program files (x86)/atmel/atmel toolchain/avr8 gcc/native/3.4.1061/avr8-gnu-toolchain/bin/../lib/gcc/avr/4.8.1/avr5\libgcc.a(_exit.o)
 *(.fini0)
                0x00000c24                _etext = .

.data           0x00800100      0x2f4 load address 0x00000c24
                0x00800100                PROVIDE (__data_start, .)
 *(.data)
 *(.data*)
 .data.sleepCounter
                0x00800100        0x2 synthesiser_firmware.o
                0x00800100                sleepCounter
 .data.disableSleep
                0x00800102        0x2 synthesiser_firmware.o
                0x00800102                disableSleep
 .data.initPREArray
                0x00800104       0x10 synthesiser_firmware.o
                0x00800104                initPREArray
 .data.initOCRArray
                0x00800114       0x10 synthesiser_firmware.o
                0x00800114                initOCRArray
 .data.freqPREArray
                0x00800124       0xa8 synthesiser_firmware.o
                0x00800124                freqPREArray
 .data.freqOCRArray
                0x008001cc       0xa8 synthesiser_firmware.o
                0x008001cc                freqOCRArray
 *(.rodata)
 *(.rodata*)
 .rodata.squTable
                0x00800274       0x60 synthesiser_firmware.o
                0x00800274                squTable
 .rodata.sawTable
                0x008002d4       0x60 synthesiser_firmware.o
                0x008002d4                sawTable
 .rodata.triTable
                0x00800334       0x60 synthesiser_firmware.o
                0x00800334                triTable
 .rodata.sinTable
                0x00800394       0x60 synthesiser_firmware.o
                0x00800394                sinTable
 *(.gnu.linkonce.d*)
                0x008003f4                . = ALIGN (0x2)
                0x008003f4                _edata = .
                0x008003f4                PROVIDE (__data_end, .)

.bss            0x008003f4      0x140
                0x008003f4                PROVIDE (__bss_start, .)
 *(.bss)
 *(.bss*)
 .bss.timer2Index
                0x008003f4        0x2 synthesiser_firmware.o
                0x008003f4                timer2Index
 .bss.timer0Index
                0x008003f6        0x2 synthesiser_firmware.o
                0x008003f6                timer0Index
 .bss.timer1Index
                0x008003f8        0x2 synthesiser_firmware.o
                0x008003f8                timer1Index
 .bss.sleepflag
                0x008003fa        0x2 synthesiser_firmware.o
                0x008003fa                sleepflag
 .bss.lastButtonCReading
                0x008003fc        0x2 synthesiser_firmware.o
                0x008003fc                lastButtonCReading
 .bss.lastButtonAReading
                0x008003fe        0x2 synthesiser_firmware.o
                0x008003fe                lastButtonAReading
 .bss.buttonCReading
                0x00800400        0x2 synthesiser_firmware.o
                0x00800400                buttonCReading
 .bss.buttonAReading
                0x00800402        0x2 synthesiser_firmware.o
                0x00800402                buttonAReading
 .bss.buttonIndex
                0x00800404        0x2 synthesiser_firmware.o
                0x00800404                buttonIndex
 .bss.i         0x00800406        0x2 synthesiser_firmware.o
                0x00800406                i
 *(COMMON)
 COMMON         0x00800408      0x12c synthesiser_firmware.o
                0x00800408                light_delay
                0x0080040a                p_val
                0x0080040c                keyboardQueue
                0x00800412                buttonQueue
                0x00800418                switch_reading
                0x0080041a                ButtonSound
                0x00800432                last_switch_reading
                0x00800434                KeySound
                0x00800530                wave_table
                0x00800532                value
                0x00800534                PROVIDE (__bss_end, .)
                0x00000c24                __data_load_start = LOADADDR (.data)
                0x00000f18                __data_load_end = (__data_load_start + SIZEOF (.data))

.noinit         0x00800534        0x0
                0x00800534                PROVIDE (__noinit_start, .)
 *(.noinit*)
                0x00800534                PROVIDE (__noinit_end, .)
                0x00800534                _end = .
                0x00800534                PROVIDE (__heap_start, .)

.eeprom         0x00810000        0x0
 *(.eeprom*)
                0x00810000                __eeprom_end = .

.fuse
 *(.fuse)
 *(.lfuse)
 *(.hfuse)
 *(.efuse)

.lock
 *(.lock*)

.signature
 *(.signature*)

.user_signatures
 *(.user_signatures*)

.stab
 *(.stab)

.stabstr
 *(.stabstr)

.stab.excl
 *(.stab.excl)

.stab.exclstr
 *(.stab.exclstr)

.stab.index
 *(.stab.index)

.stab.indexstr
 *(.stab.indexstr)

.comment        0x00000000       0x30
 *(.comment)
 .comment       0x00000000       0x30 synthesiser_firmware.o
                                 0x31 (size before relaxing)
 .comment       0x00000000       0x31 i2cmaster.o

.note.gnu.build-id
 *(.note.gnu.build-id)

.debug
 *(.debug)

.line
 *(.line)

.debug_srcinfo
 *(.debug_srcinfo)

.debug_sfnames
 *(.debug_sfnames)

.debug_aranges  0x00000000      0x148
 *(.debug_aranges)
 .debug_aranges
                0x00000000       0xf0 synthesiser_firmware.o
 .debug_aranges
                0x000000f0       0x58 i2cmaster.o

.debug_pubnames
 *(.debug_pubnames)

.debug_info     0x00000000      0xbfd
 *(.debug_info .gnu.linkonce.wi.*)
 .debug_info    0x00000000      0xa40 synthesiser_firmware.o
 .debug_info    0x00000a40      0x1bd i2cmaster.o

.debug_abbrev   0x00000000      0x380
 *(.debug_abbrev)
 .debug_abbrev  0x00000000      0x29b synthesiser_firmware.o
 .debug_abbrev  0x0000029b       0xe5 i2cmaster.o

.debug_line     0x00000000      0x5ce
 *(.debug_line .debug_line.* .debug_line_end)
 .debug_line    0x00000000      0x425 synthesiser_firmware.o
 .debug_line    0x00000425      0x1a9 i2cmaster.o

.debug_frame    0x00000000      0x34c
 *(.debug_frame)
 .debug_frame   0x00000000      0x2ac synthesiser_firmware.o
 .debug_frame   0x000002ac       0xa0 i2cmaster.o

.debug_str      0x00000000      0x500
 *(.debug_str)
 .debug_str     0x00000000      0x4a8 synthesiser_firmware.o
                                0x4f6 (size before relaxing)
 .debug_str     0x000004a8       0x58 i2cmaster.o
                                0x1eb (size before relaxing)

.debug_loc      0x00000000      0x8fe
 *(.debug_loc)
 .debug_loc     0x00000000      0x7d1 synthesiser_firmware.o
 .debug_loc     0x000007d1      0x12d i2cmaster.o

.debug_macinfo
 *(.debug_macinfo)

.debug_weaknames
 *(.debug_weaknames)

.debug_funcnames
 *(.debug_funcnames)

.debug_typenames
 *(.debug_typenames)

.debug_varnames
 *(.debug_varnames)

.debug_pubtypes
 *(.debug_pubtypes)

.debug_ranges   0x00000000      0x128
 *(.debug_ranges)
 .debug_ranges  0x00000000       0xe0 synthesiser_firmware.o
 .debug_ranges  0x000000e0       0x48 i2cmaster.o

.debug_macro
 *(.debug_macro)
OUTPUT(synthesiser_firmware.elf elf32-avr)
LOAD linker stubs
